// Jest Snapshot v1, https://goo.gl/fbAQLP

exports[`Feature component should match snapshot 1`] = `
<div
  className="MuiFormControl-root test MuiFormControl-fullWidth"
>
  <label
    className="MuiFormLabel-root MuiInputLabel-root MuiInputLabel-formControl MuiInputLabel-animated Mui-required Mui-required"
    data-shrink={false}
    htmlFor="test"
  >
    test
    <span
      className="MuiFormLabel-asterisk MuiInputLabel-asterisk"
    >
      â€‰
      *
    </span>
  </label>
  <div
    className="MuiInputBase-root MuiInput-root MuiInput-underline MuiInputBase-fullWidth MuiInput-fullWidth MuiInputBase-formControl MuiInput-formControl"
    onClick={[Function]}
  >
    <input
      aria-invalid={false}
      autoFocus={true}
      className="MuiInputBase-input MuiInput-input"
      disabled={false}
      name="test"
      onBlur={[Function]}
      onChange={[Function]}
      onFocus={[Function]}
      required={true}
      type="text"
    />
  </div>
  <p
    className="MuiFormHelperText-root Mui-required"
  >
    
  </p>
</div>
`;
