// Jest Snapshot v1, https://goo.gl/fbAQLP

exports[`Feature component it matches the snapshot 1`] = `
<div
  className="MuiCircularProgress-root LoadingProgress-progress-1 MuiCircularProgress-colorPrimary MuiCircularProgress-indeterminate"
  role="progressbar"
  style={
    Object {
      "height": 10,
      "width": 10,
    }
  }
>
  <svg
    className="MuiCircularProgress-svg"
    viewBox="22 22 44 44"
  >
    <circle
      className="MuiCircularProgress-circle MuiCircularProgress-circleIndeterminate"
      cx={44}
      cy={44}
      fill="none"
      r={20.2}
      strokeWidth={3.6}
      style={Object {}}
    />
  </svg>
</div>
`;
