// Jest Snapshot v1, https://goo.gl/fbAQLP

exports[`Feature component it matches the snapshot 1`] = `
<button
  aria-describedby={null}
  aria-label="Remove"
  className="MuiButtonBase-root MuiIconButton-root"
  disabled={false}
  onBlur={[Function]}
  onFocus={[Function]}
  onKeyDown={[Function]}
  onKeyUp={[Function]}
  onMouseDown={[Function]}
  onMouseLeave={[Function]}
  onMouseOver={[Function]}
  onMouseUp={[Function]}
  onTouchEnd={[Function]}
  onTouchMove={[Function]}
  onTouchStart={[Function]}
  tabIndex={0}
  title="test"
  type="button"
>
  <span
    className="MuiIconButton-label"
  >
    <svg
      aria-hidden="true"
      className="MuiSvgIcon-root RemoveButton-removeIcon-2"
      focusable="false"
      role="presentation"
      viewBox="0 0 24 24"
    >
      <path
        d="M0 0h24v24H0z"
        fill="none"
      />
      <path
        d="M12 2C6.48 2 2 6.48 2 12s4.48 10 10 10 10-4.48 10-10S17.52 2 12 2zm5 11H7v-2h10v2z"
      />
    </svg>
  </span>
  <span
    className="MuiTouchRipple-root"
  />
</button>
`;
