// Jest Snapshot v1, https://goo.gl/fbAQLP

exports[`Feature component should match snapshot 1`] = `
<div
  className=""
>
  <div
    className="MuiPaper-root MuiPaper-elevation1 FeatureHelperText-helpText-1 MuiPaper-rounded"
  >
    Test
  </div>
</div>
`;
