// Jest Snapshot v1, https://goo.gl/fbAQLP

exports[`TabContainer should match snapshot 1`] = `[Function]`;
